Godot Engine v4.6.3.stable.official.7d41c59c4 - https://godotengine.org
Vulkan 1.4.341 - Forward+ - Using Device #0: NVIDIA - NVIDIA GeForce RTX 3060

WARNING: GladiatorBrain: Arena не найдена, часть наблюдений будет нулевой
   at: push_warning (core/variant/variant_utility.cpp:1034)
   GDScript backtrace (most recent call first):
       [0] _find_arena (res://scripts/rl/GladiatorBrain.gd:171)
       [1] _ready (res://scripts/rl/GladiatorBrain.gd:114)
       [2] _ready (res://tools/check_shield.gd:24)
WARNING: GladiatorBrain: Arena не найдена, часть наблюдений будет нулевой
   at: push_warning (core/variant/variant_utility.cpp:1034)
   GDScript backtrace (most recent call first):
       [0] _find_arena (res://scripts/rl/GladiatorBrain.gd:171)
       [1] _ready (res://scripts/rl/GladiatorBrain.gd:114)
       [2] _ready (res://tools/check_shield.gd:24)
WARNING: GladiatorBrain: Arena не найдена, часть наблюдений будет нулевой
   at: push_warning (core/variant/variant_utility.cpp:1034)
   GDScript backtrace (most recent call first):
       [0] _find_arena (res://scripts/rl/GladiatorBrain.gd:171)
       [1] _ready (res://scripts/rl/GladiatorBrain.gd:114)
       [2] _ready (res://tools/check_shield.gd:24)
pose=(0.0, 0.0, 7.0) face=(0.0, -1.0, -0.0) up=(-1.0, 0.0, 0.0) local=[X: (0.0, 0.0, 0.85), Y: (-0.85, 0.0, 0.0), Z: (0.0, -0.85, 0.0)]
pose=(78.0, 0.0, 26.0) face=(0.0, -1.0, -0.0) up=(-1.0, 0.0, 0.0) local=[X: (0.0, 0.0, 0.85), Y: (-0.85, 0.0, 0.0), Z: (0.0, -0.85, 0.0)]
pose=(45.0, 25.0, -30.0) face=(0.0, -1.0, 0.0) up=(-1.0, -0.0, 0.0) local=[X: (0.0, 0.0, 0.85), Y: (-0.85, 0.0, 0.0), Z: (0.0, -0.85, 0.0)]
pose=(-25.0, 10.0, 7.0) face=(-0.0, -1.0, -0.0) up=(-1.0, 0.0, 0.0) local=[X: (0.0, 0.0, 0.85), Y: (-0.85, 0.0, 0.0), Z: (0.0, -0.85, 0.0)]
SHIELD: 12 orientation checks, 12 failures; scale=0.85
